Traceback (most recent call last):
  File "C:\Users\halim\AppData\Roaming\Python\Python313\site-packages\jupyter_core\utils\__init__.py", line 154, in wrapped
    asyncio.get_running_loop()
    ~~~~~~~~~~~~~~~~~~~~~~~~^^
RuntimeError: no running event loop

During handling of the above exception, another exception occurred:

Traceback (most recent call last):
  File "C:\Users\halim\AppData\Roaming\Python\Python313\site-packages\jupyter_cache\executors\utils.py", line 58, in single_nb_execution
    executenb(
    ~~~~~~~~~^
        nb,
        ^^^
    ...<4 lines>...
        **kwargs,
        ^^^^^^^^^
    )
    ^
  File "C:\Users\halim\AppData\Roaming\Python\Python313\site-packages\nbclient\client.py", line 1319, in execute
    return NotebookClient(nb=nb, resources=resources, km=km, **kwargs).execute()
           ~~~~~~~~~~~~~~~~~~~~~~~~~~~~~~~~~~~~~~~~~~~~~~~~~~~~~~~~~~~~~~~~~~~^^
  File "C:\Users\halim\AppData\Roaming\Python\Python313\site-packages\jupyter_core\utils\__init__.py", line 158, in wrapped
    return loop.run_until_complete(inner)
           ~~~~~~~~~~~~~~~~~~~~~~~^^^^^^^
  File "C:\Program Files\Python313\Lib\asyncio\base_events.py", line 725, in run_until_complete
    return future.result()
           ~~~~~~~~~~~~~^^
  File "C:\Users\halim\AppData\Roaming\Python\Python313\site-packages\nbclient\client.py", line 709, in async_execute
    await self.async_execute_cell(
        cell, index, execution_count=self.code_cells_executed + 1
    )
  File "C:\Users\halim\AppData\Roaming\Python\Python313\site-packages\nbclient\client.py", line 1062, in async_execute_cell
    await self._check_raise_for_error(cell, cell_index, exec_reply)
  File "C:\Users\halim\AppData\Roaming\Python\Python313\site-packages\nbclient\client.py", line 918, in _check_raise_for_error
    raise CellExecutionError.from_cell_and_msg(cell, exec_reply_content)
nbclient.exceptions.CellExecutionError: An error occurred while executing the following cell:
------------------
import matplotlib.pyplot as plt
import matplotlib.animation as animation
from IPython.display import HTML

# titik dari gambar
points = {
    "A": (2, 3), "B": (2, 4), "C": (3, 4), "D": (3, 3),
    "E": (2, -3), "F": (3, -3), "G": (2, -4), "H": (3, -4),
    "I": (2, 2), "J": (3, 2), "K": (2, 1), "L": (3, 1),
    "M": (2, -1), "N": (3, -1), "O": (2, -2), "P": (3, -2)
}

# urutan garis penghubung
garis = [
    ("B", "C"),
    ("A", "D"),
    ("I", "J"),
    ("K", "L"),
    ("M", "N"),
    ("O", "P"),
    ("E", "F"),
    ("H", "G"),

    ("B", "A"),
    ("A", "I"),
    ("I", "K"),

    ("C", "D"),
    ("D", "J"),
    ("J", "L"),

    ("M", "O"),
    ("O", "E"),

    ("N", "P"),
    ("P", "F")
]

# membuat figure
fig, ax = plt.subplots(figsize=(6, 8))

# fungsi animasi
def update(frame):

    ax.clear()

    # transformasi mendekati sumbu x
    scale_y = 1 - frame / 100

    posisi_baru = {}

    # gambar titik
    for nama, (x, y) in points.items():

        y_baru = y * scale_y

        posisi_baru[nama] = (x, y_baru)

        ax.scatter(x, y_baru, color="blue", s=100)

        ax.text(
            x + 0.05,
            y_baru + 0.05,
            nama,
            fontsize=12
        )

    # gambar garis
    for p1, p2 in garis:

        x1, y1 = posisi_baru[p1]
        x2, y2 = posisi_baru[p2]

        ax.plot(
            [x1, x2],
            [y1, y2],
            color="red",
            linewidth=2
        )

    # sumbu
    ax.axhline(0, color="black", linewidth=2)
    ax.axvline(0, color="black", linewidth=2)

    # batas grafik
    ax.set_xlim(0, 5)
    ax.set_ylim(-5, 5)

    ax.grid(True)

    ax.set_title("Transformasi Titik Mendekati Sumbu X")

# membuat animasi
ani = animation.FuncAnimation(
    fig,
    update,
    frames=101,
    interval=50,
    repeat=True
)

# tampilkan animasi di Google Colab
HTML(ani.to_jshtml())
------------------


[31m---------------------------------------------------------------------------[39m
[31mModuleNotFoundError[39m                       Traceback (most recent call last)
[36mCell[39m[36m [39m[32mIn[1][39m[32m, line 1[39m
[32m----> [39m[32m1[39m [38;5;28;01mimport[39;00m[38;5;250m [39m[34;01mmatplotlib[39;00m[34;01m.[39;00m[34;01mpyplot[39;00m[38;5;250m [39m[38;5;28;01mas[39;00m[38;5;250m [39m[34;01mplt[39;00m
[32m      2[39m [38;5;28;01mimport[39;00m[38;5;250m [39m[34;01mmatplotlib[39;00m[34;01m.[39;00m[34;01manimation[39;00m[38;5;250m [39m[38;5;28;01mas[39;00m[38;5;250m [39m[34;01manimation[39;00m
[32m      3[39m [38;5;28;01mfrom[39;00m[38;5;250m [39m[34;01mIPython[39;00m[34;01m.[39;00m[34;01mdisplay[39;00m[38;5;250m [39m[38;5;28;01mimport[39;00m HTML

[31mModuleNotFoundError[39m: No module named 'matplotlib'

